------------------------------------------------------------
Timing Analyzer Summary
------------------------------------------------------------

Type  : Slow 1100mV 85C Model Setup 'clk'
Slack : -4.589
TNS   : -60.809

Type  : Slow 1100mV 85C Model Hold 'clk'
Slack : 0.549
TNS   : 0.000

Type  : Slow 1100mV 85C Model Minimum Pulse Width 'clk'
Slack : -0.724
TNS   : -90.913

Type  : Slow 1100mV 0C Model Setup 'clk'
Slack : -4.611
TNS   : -62.154

Type  : Slow 1100mV 0C Model Hold 'clk'
Slack : 0.535
TNS   : 0.000

Type  : Slow 1100mV 0C Model Minimum Pulse Width 'clk'
Slack : -0.724
TNS   : -90.820

Type  : Fast 1100mV 85C Model Setup 'clk'
Slack : -1.222
TNS   : -13.825

Type  : Fast 1100mV 85C Model Hold 'clk'
Slack : 0.236
TNS   : 0.000

Type  : Fast 1100mV 85C Model Minimum Pulse Width 'clk'
Slack : -0.087
TNS   : -6.980

Type  : Fast 1100mV 0C Model Setup 'clk'
Slack : -1.078
TNS   : -11.789

Type  : Fast 1100mV 0C Model Hold 'clk'
Slack : 0.216
TNS   : 0.000

Type  : Fast 1100mV 0C Model Minimum Pulse Width 'clk'
Slack : -0.089
TNS   : -7.142

------------------------------------------------------------
