------------------------------------------------------------
Timing Analyzer Summary
------------------------------------------------------------

Type  : Slow 1100mV 85C Model Setup 'clk'
Slack : -9.413
TNS   : -555.317

Type  : Slow 1100mV 85C Model Hold 'clk'
Slack : 0.323
TNS   : 0.000

Type  : Slow 1100mV 85C Model Minimum Pulse Width 'clk'
Slack : -4.000
TNS   : -800.638

Type  : Slow 1100mV 0C Model Setup 'clk'
Slack : -10.067
TNS   : -589.150

Type  : Slow 1100mV 0C Model Hold 'clk'
Slack : 0.314
TNS   : 0.000

Type  : Slow 1100mV 0C Model Minimum Pulse Width 'clk'
Slack : -4.000
TNS   : -801.164

Type  : Fast 1100mV 85C Model Setup 'clk'
Slack : -3.047
TNS   : -175.005

Type  : Fast 1100mV 85C Model Hold 'clk'
Slack : 0.141
TNS   : 0.000

Type  : Fast 1100mV 85C Model Minimum Pulse Width 'clk'
Slack : -2.225
TNS   : -374.083

Type  : Fast 1100mV 0C Model Setup 'clk'
Slack : -2.850
TNS   : -165.309

Type  : Fast 1100mV 0C Model Hold 'clk'
Slack : 0.128
TNS   : 0.000

Type  : Fast 1100mV 0C Model Minimum Pulse Width 'clk'
Slack : -2.225
TNS   : -374.366

------------------------------------------------------------
